../../Drivers/STM32N6xx_HAL_Driver/Inc/stm32n6xx_ll_bus.h:1165:22:LL_AHB3_GRP1_EnableClock	1
../../Drivers/STM32N6xx_HAL_Driver/Inc/stm32n6xx_ll_bus.h:1407:22:LL_AHB4_GRP1_EnableClock	1
../Core/Src/main.c:76:5:main	1
../Core/Src/main.c:123:13:MX_CACHEAXI_Init	2
../Core/Src/main.c:149:13:MX_LPUART1_UART_Init	5
../Core/Src/main.c:197:13:MX_RAMCFG_Init	5
../Core/Src/main.c:250:15:SystemIsolation_Config	1
../Core/Src/main.c:293:13:MX_GPIO_Init	1
../Core/Src/main.c:309:3:__io_putchar	1
../Core/Src/main.c:314:7:_write	1
../Core/Src/main.c:324:6:Error_Handler	1
