../../Drivers/STM32N6xx_HAL_Driver/Inc/stm32n6xx_ll_bus.h:1009:22:LL_AHB2_GRP1_EnableClock	24	static
../../Drivers/STM32N6xx_HAL_Driver/Inc/stm32n6xx_ll_bus.h:1045:22:LL_AHB2_GRP1_DisableClock	16	static
../../Drivers/STM32N6xx_HAL_Driver/Inc/stm32n6xx_ll_bus.h:1407:22:LL_AHB4_GRP1_EnableClock	24	static
../../Drivers/STM32N6xx_HAL_Driver/Inc/stm32n6xx_ll_bus.h:1755:22:LL_AHB5_GRP1_EnableClock	24	static
../../Drivers/STM32N6xx_HAL_Driver/Inc/stm32n6xx_ll_bus.h:1891:22:LL_AHB5_GRP1_DisableClock	16	static
../../Drivers/STM32N6xx_HAL_Driver/Inc/stm32n6xx_ll_bus.h:3251:22:LL_APB4_GRP1_EnableClock	24	static
../../Drivers/STM32N6xx_HAL_Driver/Inc/stm32n6xx_ll_bus.h:3319:22:LL_APB4_GRP1_DisableClock	16	static
../Core/Src/stm32n6xx_hal_msp.c:62:6:HAL_MspInit	8	static
../Core/Src/stm32n6xx_hal_msp.c:88:6:HAL_CACHEAXI_MspInit	16	static
../Core/Src/stm32n6xx_hal_msp.c:111:6:HAL_CACHEAXI_MspDeInit	16	static
../Core/Src/stm32n6xx_hal_msp.c:133:6:HAL_UART_MspInit	440	static
../Core/Src/stm32n6xx_hal_msp.c:190:6:HAL_UART_MspDeInit	16	static
../Core/Src/stm32n6xx_hal_msp.c:222:6:HAL_RAMCFG_MspInit	16	static
../Core/Src/stm32n6xx_hal_msp.c:241:6:HAL_RAMCFG_MspDeInit	16	static
