../../Drivers/STM32N6xx_HAL_Driver/Inc/stm32n6xx_ll_bus.h:1407:22:LL_AHB4_GRP1_EnableClock	24	static
../../Drivers/STM32N6xx_HAL_Driver/Inc/stm32n6xx_ll_bus.h:1755:22:LL_AHB5_GRP1_EnableClock	24	static
../../Drivers/STM32N6xx_HAL_Driver/Inc/stm32n6xx_ll_bus.h:1891:22:LL_AHB5_GRP1_DisableClock	16	static
../../Drivers/STM32N6xx_HAL_Driver/Inc/stm32n6xx_ll_bus.h:3251:22:LL_APB4_GRP1_EnableClock	24	static
../../Drivers/STM32N6xx_HAL_Driver/Inc/stm32n6xx_ll_bus.h:3319:22:LL_APB4_GRP1_DisableClock	16	static
../../Drivers/STM32N6xx_HAL_Driver/Inc/stm32n6xx_ll_bus.h:3495:22:LL_APB4_GRP2_EnableClock	24	static
../Core/Src/stm32n6xx_hal_msp.c:63:6:HAL_MspInit	8	static
../Core/Src/stm32n6xx_hal_msp.c:89:6:HAL_UART_MspInit	440	static
../Core/Src/stm32n6xx_hal_msp.c:137:6:HAL_UART_MspDeInit	16	static
../Core/Src/stm32n6xx_hal_msp.c:166:6:HAL_XSPI_MspInit	456	static
../Core/Src/stm32n6xx_hal_msp.c:246:6:HAL_XSPI_MspDeInit	16	static
